// Jest Snapshot v1, https://goo.gl/fbAQLP

exports[`<HomeRoute /> renders 1`] = `
<div>
  <HelmetWrapper
    defer={true}
    encodeSpecialCharacters={true}
  >
    <title>
      Home
    </title>
  </HelmetWrapper>
  <h2>
    Hello world!
  </h2>
  <p>
    This starter kit contains all the build tooling and configuration you need to kick off your next universal React project, whilst containing a minimal project set up allowing you to make your own architecture decisions (Redux/Mobx etc).
  </p>
</div>
`;
